LEDGER voice fetcher 2026-07-28.1
  streaming vctk for 3 character(s), 4 candidate(s) each
  this scans the corpus rather than downloading it; expect a few minutes

Downloading builder script:   0%|          | 0.00/5.15k [00:00<?, ?B/s]Downloading builder script: 100%|██████████| 5.15k/5.15k [00:00<00:00, 215kB/s]
Downloading readme:   0%|          | 0.00/5.90k [00:00<?, ?B/s]Downloading readme: 100%|██████████| 5.90k/5.90k [00:00<00:00, 243kB/s]
/usr/bin/xdg-open: 882: www-browser: not found
/usr/bin/xdg-open: 882: links2: not found
/usr/bin/xdg-open: 882: elinks: not found
/usr/bin/xdg-open: 882: links: not found
/usr/bin/xdg-open: 882: lynx: not found
/usr/bin/xdg-open: 882: w3m: not found
xdg-open: no method available for opening '/home/runner/work/wc26-picks/wc26-picks/tools/voice-fetch/ledger-voices-out/listen.html'
    vctk mirror CSTR-Edinburgh/vctk failed: BadZipFile: File is not a zip file
    vctk mirror CSTR-Edinburgh/vctk@parquet opened
  source: vctk
  audio: decoding with soundfile, not torchcodec
  53 speaker(s) already spoken for by 16 character(s) — not offered again
    2000 rows scanned, 3 characters still short, 0.1 min spent
    4000 rows scanned, 3 characters still short, 0.4 min spent
    6000 rows scanned, 3 characters still short, 0.8 min spent
    8000 rows scanned, 3 characters still short, 1.2 min spent
    10000 rows scanned, 3 characters still short, 1.8 min spent
    12000 rows scanned, 3 characters still short, 2.0 min spent
    14000 rows scanned, 3 characters still short, 2.3 min spent
    16000 rows scanned, 3 characters still short, 3.0 min spent
    18000 rows scanned, 3 characters still short, 3.6 min spent
    20000 rows scanned, 3 characters still short, 3.9 min spent
    22000 rows scanned, 3 characters still short, 4.4 min spent
    24000 rows scanned, 3 characters still short, 4.7 min spent
    26000 rows scanned, 3 characters still short, 5.0 min spent
    28000 rows scanned, 3 characters still short, 5.5 min spent
    30000 rows scanned, 3 characters still short, 6.2 min spent
    32000 rows scanned, 3 characters still short, 6.6 min spent
    34000 rows scanned, 3 characters still short, 7.3 min spent
    36000 rows scanned, 3 characters still short, 8.1 min spent
    38000 rows scanned, 3 characters still short, 8.6 min spent
    40000 rows scanned, 3 characters still short, 9.4 min spent
    42000 rows scanned, 3 characters still short, 10.3 min spent
    44000 rows scanned, 2 characters still short, 10.7 min spent
    46000 rows scanned, 2 characters still short, 11.7 min spent
    48000 rows scanned, 2 characters still short, 12.5 min spent
    50000 rows scanned, 2 characters still short, 13.6 min spent
  12 clip(s) from 12 distinct voice(s)

  65 candidate(s) for 3 of 3 characters
  page:  /home/runner/work/wc26-picks/wc26-picks/tools/voice-fetch/ledger-voices-out/listen.html
  picks: /home/runner/work/wc26-picks/wc26-picks/tools/voice-fetch/ledger-voices-out/picks.txt
LEDGER voice fetcher 2026-07-28.1
  building .venv-voices ...
